[upiqr.in/index.html]
[backblue.gif]
[fade.gif]
[index.html]
[upiqr.in/manifest.json]
[upiqr.in/libs/materialize/css/materialize.min.css]
[upiqr.in/libs/mfp/magnific-popup.css]
[upiqr.in/css/style.css]
[upiqr.in/css/print.css]
[upiqr.in/libs/jquery/jquery-2.1.1.min.js]
[upiqr.in/libs/jquery/jquery.validate.min.js]
[upiqr.in/libs/materialize/js/materialize.min.js]
[upiqr.in/libs/clipboard/clipboard.min.js]
[upiqr.in/libs/mfp/jquery.magnific-popup.min.js]
[upiqr.in/index.html]
[upiqr.in/js/app.js]
[fonts.googleapis.com/css7b4f.css]
[fonts.googleapis.com/icone91f.css]
[upiqr.in/libs/materialize/fonts/roboto/Roboto-Thin.eot]
[upiqr.in/libs/materialize/fonts/roboto/Roboto-Thind41d.eot]
[upiqr.in/libs/materialize/fonts/roboto/Roboto-Thin.woff2]
[upiqr.in/libs/materialize/fonts/roboto/Roboto-Thin.woff]
[upiqr.in/libs/materialize/fonts/roboto/Roboto-Thin.ttf]
[upiqr.in/libs/materialize/fonts/roboto/Roboto-Light.eot]
[upiqr.in/libs/materialize/fonts/roboto/Roboto-Lightd41d.eot]
[upiqr.in/libs/materialize/fonts/roboto/Roboto-Light.woff2]
[upiqr.in/libs/materialize/fonts/roboto/Roboto-Light.woff]
[upiqr.in/libs/materialize/fonts/roboto/Roboto-Light.ttf]
[upiqr.in/libs/materialize/fonts/roboto/Roboto-Regular.eot]
[upiqr.in/libs/materialize/fonts/roboto/Roboto-Regulard41d.eot]
[upiqr.in/libs/materialize/fonts/roboto/Roboto-Regular.woff2]
[upiqr.in/libs/materialize/fonts/roboto/Roboto-Regular.woff]
[upiqr.in/libs/materialize/fonts/roboto/Roboto-Regular.ttf]
[upiqr.in/libs/materialize/fonts/roboto/Roboto-Medium.eot]
[upiqr.in/libs/materialize/fonts/roboto/Roboto-Mediumd41d.eot]
[upiqr.in/libs/materialize/fonts/roboto/Roboto-Medium.woff2]
[upiqr.in/libs/materialize/fonts/roboto/Roboto-Medium.woff]
[upiqr.in/libs/materialize/fonts/roboto/Roboto-Medium.ttf]
[upiqr.in/libs/materialize/fonts/roboto/Roboto-Bold.eot]
[upiqr.in/libs/materialize/fonts/roboto/Roboto-Boldd41d.eot]
[upiqr.in/libs/materialize/fonts/roboto/Roboto-Bold.woff2]
[upiqr.in/libs/materialize/fonts/roboto/Roboto-Bold.woff]
[upiqr.in/libs/materialize/fonts/roboto/Roboto-Bold.ttf]
[upiqr.in/libs/materialize/css/materialize.min.css]
[upiqr.in/libs/mfp/magnific-popup.css]
[upiqr.in/css/style.css]
[upiqr.in/css/print.css]
